
---
[2026-05-08] PROJ_RIVE-GO_CODE_V1B_COMPLETE — Phase 1B: rivegen code generator

Commit: e03db6e

What was built:
- internal/schema/defs/: 350 JSON type definitions from rive-runtime @ e031209510932a392451786322400afbffd94823
- internal/schema/RIVE_COMMIT: pinned commit hash
- cmd/rivegen/main.go: generator (stdlib only, go/format for gofmt)
  Loads all defs, resolves inheritance, groups by subdirectory
- rive/core.go: Object interface, Property struct, PropertyType enum, boolToUint64 helper
- rive/gen_*.go: 13 category files + gen_registry.go + gen_properties.go
  350 types total: 287 concrete (in Registry), 63 abstract
  Each type: struct with rive struct tags, TypeKey() (concrete only), Properties() (all)
- Makefile: generate / test / build targets
- Tests: 14 tests (8 in rive/, 6 in cmd/rivegen/)

Key design decisions:
- Properties() generated for ALL types (not just those with own runtime props) so
  that abstract root types with no parent return nil instead of missing from method set.
- boolToUint64 in core.go to avoid re-declaration across generated files.
- PropKey<N> = N constants (not name-based): 107 property names appear with multiple
  key.int values, making name-based constants ambiguous.
- passthrough:true excluded from Properties() (computed, not serialized).
- runtime:false excluded entirely from struct + Properties().
- callback type skipped (no serializable state).
- 'double' type: float64 in struct, PropertyTypeFloat (wire as float32 per binary spec).
- Id type: uint64 via typeRuntime override (all runtime Id props have typeRuntime='uint').
- List<Id>: []byte (encoded blob, same as Bytes).

Tests pass: go test ./... — all 3 packages OK

---
[T-356_CODE_V1_COMPLETE] 2026-05-08

Phase 2 complete — .riv writer, reader, round-trip tests. Pushed to main (cc53f10).

Deliverables:
- rive/writer.go: WriteBytes/WriteFile — RIVE fingerprint + LEB128 header + ToC bit-pack + object stream
- rive/reader.go: ReadBytes/ReadFile — GenericObject graph; ToC + globalPropTypes fallback
- rive/gen_prop_type_table.go: 576 known keys + 2 alternates (xArtboard=9, yArtboard=10)
- rive/riv_io_test.go: full suite — 5 golden fixtures, error cases, ToC, round-trips, io.Reader/Writer

Fixes applied during test run:
1. Fixture path in test was ../../test/fixtures → corrected to ../test/fixtures
2. Test assumed LinearAnimation.Name maps to key=4; it maps to key=55 (Animation.Name).
   Component.Name (key=4) is correct — moved string test to Node.Name.
3. globalPropTypes missing alternate keys 9 (xArtboard) and 10 (yArtboard) — both float.
   Added PropKey.Alternates to JSON schema struct and updated generatePropTypeTable to collect them.

All tests pass: go test ./...
  ok  github.com/redriot-io/rive-go/cmd/rivegen
  ok  github.com/redriot-io/rive-go/internal/encoding
  ok  github.com/redriot-io/rive-go/rive

---
task: T-364
commit: d1b0b95
date: 2026-05-08
status: COMPLETE

## Root cause
`anim.go` emit() had: `if a.speed != 1.0 { la.Speed = a.speed }`.
When speed is the default (1.0), la.Speed stayed at Go zero (0.0).
Serializer condition `if o.Speed != 1` then saw 0.0 != 1 → true → encoded Speed=0.0.
Rive WASM runtime read Speed=0 and froze all animations.

## Fix
Removed guard. Now: `la.Speed = a.speed` always.
Default animConfig.speed=1.0, so serializer correctly skips encoding.

## Verification
- All unit tests pass (GOTMPDIR=/app/workspace/tmp go test ./...)
- Examples regenerated: 3 animation .rivs dropped the erroneous Speed=0 property
- rivtool inspect confirms Speed absent from encoded props (runtime uses default 1.0)
- Fps and Duration defaults (60, 60) already correct — no change needed

## Coverage from defaults-map.json
All other non-zero defaults are handled:
- Shape/Rect/Ellipse/Node: Opacity, ScaleX/Y, OriginX/Y (0.5), BlendModeValue — builder/shape.go ✓
- Fill/Stroke: IsVisible, BlendModeValue — builder/shape.go ✓
- Stroke.Thickness: serializer guard `if != 1` — gen_shapes.go ✓
- Rectangle.LinkCornerRadius: serializer guard `if !` — gen_shapes.go ✓
- Artboard: Opacity, ScaleX/Y, BlendModeValue, FractionalWidth/Height, sentinel IDs — builder/builder.go ✓
- Animation.Fps (60) and Duration (60): always assigned from animConfig defaults ✓
- Animation.Speed (1.0): THIS FIX ✓

---
task: T-365
commit: 51a634e
date: 2026-05-08
status: COMPLETE

## Root causes found (3 sentinel bugs in anim.go)

### Bug 1 & 2: WorkStart=0, WorkEnd=0 encoded in every animation
- Emission condition: `if o.WorkStart != ^uint64(0) { encode }`
- Go zero value (0) triggers emission because 0 != 0xFFFF...
- WorkEnd=0 → runtime computes 0-frame work area
- In advance(): `while (time >= workEnd/fps)` with workEnd=0 → perpetual loop
- Fix: `la.WorkStart = ^uint64(0)`, `la.WorkEnd = ^uint64(0)` before append

### Bug 3: InterpolatorId=0 encoded on every keyframe
- Same sentinel pattern: `if o.InterpolatorId != ^uint64(0) { encode }`
- 0 → references Backboard (object 0) as a cubic interpolator → undefined behavior
- Fix: `f.InterpolatorId = ^uint64(0)` for both KeyFrameDouble and KeyFrameColor

## Binary impact
- fade_rect.riv: 159→144 bytes (-9.4%)
- bounce_ball.riv: 168→153 bytes
- color_cycle.riv: 200→185 bytes

## Deliverables
- 3 sentinel bug fixes in rive/builder/anim.go
- minimal_static.riv: simplest renderable file (no animation, 96 bytes)
- docs/ENCODING_NOTES.md: ToC packing, sentinel table, hierarchy rules

## ToC analysis
Format confirmed: 4 keys per uint32 (not 16), only bits 0-7 used per word.
ToC type entries for known properties are redundant but harmless.
Keys 60, 61, 69 removed from ToC after sentinel fixes.

## Remaining known issue
Cubic easing (bounce_ball.riv) sets InterpolationType=2 but has no
CubicInterpolator object in the file. The x1,y1,x2,y2 Bezier params
are never emitted. Runtime will use linear or default cubic fallback.
Tracked as future task.

[T-366] 2026-05-08 — Ground-truth comparison + CubicInterpolator fix

WORK DONE:
1. cmd/rivdiff/main.go — new tool: annotated decoder + structural diff for .riv files
   - Decodes header, ToC (keys + packed types), object stream
   - Prints annotated hex with type names and property names
   - Two-file mode: shows structural diff line-by-line
   - Uses rive.LookupGlobalPropType for type resolution (full 576-key coverage)

2. rive/gen_prop_type_table.go — added LookupGlobalPropType() exported function

3. rive/builder/anim.go — fix: emit CubicEaseInterpolator objects
   - Before T-366: InterpolationType=2 with InterpolatorId=sentinel
     Runtime reads default InterpolatorId=0 → Backboard → undefined behavior
   - After T-366: emit CubicEaseInterpolator before LinearAnimation,
     set InterpolatorId to that object's index
   - Deduplicates curves: same Bezier curve → shared interpolator object
   - bounce_ball.riv: 153→164 bytes (CubicEaseInterpolator added, InterpolatorId set)

4. .gitignore — added /gen_examples and /rivdiff build artifacts

FINDINGS from ground-truth comparison (rivdiff vs ball_test.riv):
- Our ToC contains ALL known property keys; reference only contains UNKNOWN keys
- This is a structural difference but not breaking (runtime checks global table for known keys)
- bounce_ball.riv structure verified correct: Backboard → Artboard → Shape → Ellipse → Fill → SolidColor → CubicEaseInterpolator → LinearAnimation → KeyedObject → KeyedProperty → KeyFrameDouble × 2

ALL TESTS PASS (19 builder tests + all rive package tests).

rive-rs-cli: Could not install (no Rust/cargo in container). Used existing Rive runtime fixtures (ball_test.riv etc.) as ground truth reference. No Rust build environment available — documented as known constraint.
